RAM Allocation [bytes]
Variable                                                                          Address   Size
------------------------------------------------------------------------------------------------
FND                                                                               0x0500      10

EEPROM Allocation [bytes]
Variable                                                                          Address   Size
------------------------------------------------------------------------------------------------

Register Allocation
Variable                                                                          Register  Size
------------------------------------------------------------------------------------------------
count                                                                             R5           1
FNDcount                                                                          R6,R7        2

FLASH Allocation [words]
Function                                                                          Address   Size
------------------------------------------------------------------------------------------------
main                                                                              0x0007F     12
TiM_OVF                                                                           0x0008B     36
FNDN                                                                              0x000AF     59
