RAM Allocation [bytes]
Variable                                                                          Address   Size
------------------------------------------------------------------------------------------------
seg_pat                                                                           0x0500      10

EEPROM Allocation [bytes]
Variable                                                                          Address   Size
------------------------------------------------------------------------------------------------

Register Allocation
Variable                                                                          Register  Size
------------------------------------------------------------------------------------------------
pos                                                                               R5           1
hour                                                                              R4           1
min                                                                               R7           1
sec                                                                               R6           1

FLASH Allocation [words]
Function                                                                          Address   Size
------------------------------------------------------------------------------------------------
main                                                                              0x0007F     36
Time_out                                                                          0x000A3     31
external_int4                                                                     0x000C2     61
external_int5                                                                     0x000FF     17
count                                                                             0x00110     14
